src/lib/vantage.server.ts(4,15): error TS2459: Module '"@/api/vantage"' declares 'Assessment' locally, but it is not exported.
src/routes/_authenticated/admin/test-webhook.tsx(76,22): error TS2339: Property 'status' does not exist on type '{ ok: boolean; echo?: any; }'.
src/routes/_authenticated/admin/test-webhook.tsx(79,23): error TS2339: Property 'headers' does not exist on type '{ ok: boolean; echo?: any; }'.
src/routes/_authenticated/connect.tsx(196,31): error TS2352: Conversion of type 'Connection' to type 'Thread' may be a mistake because neither type sufficiently overlaps with the other. If this was intentional, convert the expression to 'unknown' first.
  Type 'Connection' is missing the following properties from type 'Thread': otherName, otherAvatar, otherRole, lastMessage, and 2 more.
src/routes/_authenticated/dashboard.tsx(711,12): error TS2339: Property 'lockEndsAt' does not exist on type 'StakePosition'.
src/routes/_authenticated/dashboard.tsx(715,21): error TS2339: Property 'lockEndsAt' does not exist on type 'StakePosition'.
src/routes/_authenticated/discover.tsx(224,20): error TS2304: Cannot find name 'useDotAuth'.
src/routes/_authenticated/discover.tsx(359,59): error TS2304: Cannot find name 'uploadImageToCloudinary'.
src/routes/_authenticated/discover.tsx(965,17): error TS2322: Type '{ title: string; message: string; onRetry: () => Promise<QueryObserverResult<NoInfer<DiscoverPeopleResponse>, Error>>; }' is not assignable to type 'IntrinsicAttributes & { icon?: LucideIcon | undefined; title: string; description?: string | undefined; action?: ReactNode; className?: string | undefined; }'.
  Property 'message' does not exist on type 'IntrinsicAttributes & { icon?: LucideIcon | undefined; title: string; description?: string | undefined; action?: ReactNode; className?: string | undefined; }'.
src/routes/_authenticated/discover.tsx(1051,17): error TS2322: Type '{ title: string; message: string; onRetry: () => Promise<QueryObserverResult<NoInfer<Venture[]>, Error>>; }' is not assignable to type 'IntrinsicAttributes & { icon?: LucideIcon | undefined; title: string; description?: string | undefined; action?: ReactNode; className?: string | undefined; }'.
  Property 'message' does not exist on type 'IntrinsicAttributes & { icon?: LucideIcon | undefined; title: string; description?: string | undefined; action?: ReactNode; className?: string | undefined; }'.
src/routes/_authenticated/discover.tsx(1124,67): error TS2304: Cannot find name 'listPublicCommunities'.
src/routes/_authenticated/discover.tsx(1126,35): error TS2304: Cannot find name 'joinByCode'.
src/routes/_authenticated/discover.tsx(1136,17): error TS2339: Property 'length' does not exist on type '{}'.
src/routes/_authenticated/discover.tsx(1139,15): error TS2339: Property 'map' does not exist on type '{}'.
src/routes/_authenticated/discover.tsx(1139,20): error TS7006: Parameter 'c' implicitly has an 'any' type.
src/routes/_authenticated/enrollments.tsx(84,24): error TS2304: Cannot find name 'Check'.
src/routes/_authenticated/judge.tsx(126,39): error TS2604: JSX element type 'PageSkeleton' does not have any construct or call signatures.
src/routes/_authenticated/judge.tsx(126,39): error TS2786: 'PageSkeleton' cannot be used as a JSX component.
  Its type '{ StatCards: ({ count }: { count?: number; }) => JSX.Element; CardGrid: ({ count, cols }: { count?: number; cols?: number; }) => JSX.Element; TableRows: ({ rows, cols }: { rows?: number; cols?: number; }) => JSX.Element; ... 6 more ...; FilterBar: () => JSX.Element; }' is not a valid JSX element type.
src/routes/_authenticated/judge.tsx(130,17): error TS2322: Type 'Element' is not assignable to type 'ForwardRefExoticComponent<Omit<LucideProps, "ref"> & RefAttributes<SVGSVGElement>>'.
  Types of property '$$typeof' are incompatible.
    Type 'string | symbol | undefined' is not assignable to type 'symbol'.
      Type 'undefined' is not assignable to type 'symbol'.
src/routes/_authenticated/judge.tsx(182,32): error TS2604: JSX element type 'PageSkeleton' does not have any construct or call signatures.
src/routes/_authenticated/judge.tsx(182,32): error TS2786: 'PageSkeleton' cannot be used as a JSX component.
  Its type '{ StatCards: ({ count }: { count?: number; }) => JSX.Element; CardGrid: ({ count, cols }: { count?: number; cols?: number; }) => JSX.Element; TableRows: ({ rows, cols }: { rows?: number; cols?: number; }) => JSX.Element; ... 6 more ...; FilterBar: () => JSX.Element; }' is not a valid JSX element type.
src/routes/_authenticated/judge.tsx(185,15): error TS2322: Type 'Element' is not assignable to type 'ForwardRefExoticComponent<Omit<LucideProps, "ref"> & RefAttributes<SVGSVGElement>>'.
  Types of property '$$typeof' are incompatible.
    Type 'string | symbol | undefined' is not assignable to type 'symbol'.
      Type 'undefined' is not assignable to type 'symbol'.
src/routes/_authenticated/loans/apply.tsx(23,38): error TS2345: Argument of type '"/_authenticated/loans/apply"' is not assignable to parameter of type 'keyof FileRoutesByPath | undefined'.
src/routes/_authenticated/meetings.tsx(94,60): error TS2367: This comparison appears to be unintentional because the types '"cancel" | "decline"' and '"confirm"' have no overlap.
src/routes/_authenticated/meetings.tsx(188,36): error TS2322: Type 'string | null' is not assignable to type 'string | undefined'.
  Type 'null' is not assignable to type 'string | undefined'.
src/routes/_authenticated/meetings.tsx(191,35): error TS2322: Type 'string | null' is not assignable to type 'string | undefined'.
  Type 'null' is not assignable to type 'string | undefined'.
src/routes/_authenticated/meetings.tsx(240,7): error TS2322: Type 'string | null' is not assignable to type 'string | undefined'.
  Type 'null' is not assignable to type 'string | undefined'.
src/routes/_authenticated/meetings.tsx(241,7): error TS2322: Type 'string | null' is not assignable to type 'string | undefined'.
  Type 'null' is not assignable to type 'string | undefined'.
src/routes/_authenticated/meetings.tsx(251,18): error TS2304: Cannot find name 'coordinationRef'.
src/routes/_authenticated/meetings.tsx(287,11): error TS2322: Type '{ title: string; value: string; sub: string; }' is not assignable to type 'IntrinsicAttributes & StatCardProps'.
  Property 'title' does not exist on type 'IntrinsicAttributes & StatCardProps'.
src/routes/_authenticated/meetings.tsx(292,11): error TS2322: Type '{ title: string; value: string; sub: string; }' is not assignable to type 'IntrinsicAttributes & StatCardProps'.
  Property 'title' does not exist on type 'IntrinsicAttributes & StatCardProps'.
src/routes/_authenticated/meetings.tsx(297,11): error TS2322: Type '{ title: string; value: string; sub: string; }' is not assignable to type 'IntrinsicAttributes & StatCardProps'.
  Property 'title' does not exist on type 'IntrinsicAttributes & StatCardProps'.
src/routes/_authenticated/meetings.tsx(580,3): error TS2304: Cannot find name 'useEffect'.
src/routes/_authenticated/meetings/$id.tsx(52,18): error TS2554: Expected 1 arguments, but got 0.
src/routes/_authenticated/meetings/$id.tsx(86,5): error TS2322: Type '(id: string, data: { meetingPlatform?: string | undefined; meetingLink?: string | undefined; coordinationNotes?: string | undefined; agenda?: any[] | undefined; }) => Promise<Meeting>' is not assignable to type 'MutationFunction<Meeting, string>'.
  Types of parameters 'data' and 'context' are incompatible.
    Type 'MutationFunctionContext' has no properties in common with type '{ meetingPlatform?: string | undefined; meetingLink?: string | undefined; coordinationNotes?: string | undefined; agenda?: any[] | undefined; }'.
src/routes/_authenticated/meetings/$id.tsx(136,9): error TS2353: Object literal may only specify known properties, and 'agenda' does not exist in type 'MutateOptions<Meeting, Error, string, unknown>'.
src/routes/_authenticated/meetings/$id.tsx(292,18): error TS2304: Cannot find name 'Avatar'.
src/routes/_authenticated/meetings/$id.tsx(294,19): error TS2304: Cannot find name 'Avatar'.
src/routes/_authenticated/notifications.tsx(59,51): error TS2554: Expected 0 arguments, but got 1.
src/routes/_authenticated/notifications.tsx(59,57): error TS2339: Property 'items' does not exist on type 'never[]'.
src/routes/_authenticated/notifications.tsx(62,31): error TS7006: Parameter 'acc' implicitly has an 'any' type.
src/routes/_authenticated/notifications.tsx(62,36): error TS7006: Parameter 'n' implicitly has an 'any' type.
src/routes/_authenticated/notifications.tsx(65,32): error TS2554: Expected 0 arguments, but got 1.
src/routes/_authenticated/notifications.tsx(69,34): error TS2554: Expected 0 arguments, but got 1.
src/routes/_authenticated/notifications.tsx(73,31): error TS2554: Expected 0 arguments, but got 1.
src/routes/_authenticated/notifications.tsx(77,33): error TS2554: Expected 0 arguments, but got 1.
src/routes/_authenticated/notifications.tsx(115,26): error TS7006: Parameter 'n' implicitly has an 'any' type.
src/routes/_authenticated/pitch-deck.tsx(191,21): error TS2353: Object literal may only specify known properties, and 'label' does not exist in type 'ReactElement<unknown, string | JSXElementConstructor<any>> | Iterable<ReactNode> | ReactPortal | Promise<...>'.
src/routes/_authenticated/portfolio.tsx(283,80): error TS2345: Argument of type 'Investment[]' is not assignable to parameter of type '{ totalPaidDot: number; }[]'.
  Type 'Investment' is not assignable to type '{ totalPaidDot: number; }'.
    Types of property 'totalPaidDot' are incompatible.
      Type 'string' is not assignable to type 'number'.
src/routes/_authenticated/profile.tsx(116,65): error TS18047: 'user' is possibly 'null'.
src/routes/_authenticated/sessions.tsx(26,34): error TS2307: Cannot find module '@/lib/whop' or its corresponding type declarations.
src/routes/_authenticated/sessions.tsx(135,50): error TS2322: Type 'Error' is not assignable to type 'ReactNode'.
src/routes/_authenticated/settings/integrations.tsx(66,12): error TS2304: Cannot find name 'Section'.
src/routes/_authenticated/settings/integrations.tsx(100,13): error TS2304: Cannot find name 'Section'.
src/routes/_authenticated/settings/integrations.tsx(102,12): error TS2304: Cannot find name 'Section'.
src/routes/_authenticated/settings/integrations.tsx(132,31): error TS2339: Property 'sendEmail' does not exist on type 'typeof import("C:/Users/GTHub/OneDrive/Desktop/dotlive-main/src/api/client")'.
src/routes/_authenticated/settings/integrations.tsx(132,42): error TS2339: Property 'emailTemplates' does not exist on type 'typeof import("C:/Users/GTHub/OneDrive/Desktop/dotlive-main/src/api/client")'.
src/routes/_authenticated/settings/integrations.tsx(138,29): error TS2774: This condition will always return true since this function is always defined. Did you mean to call it instead?
src/routes/_authenticated/settings/integrations.tsx(152,13): error TS2304: Cannot find name 'Section'.
src/routes/_authenticated/settings/integrations.tsx(154,12): error TS2304: Cannot find name 'Section'.
src/routes/_authenticated/settings/integrations.tsx(178,13): error TS2304: Cannot find name 'Section'.
src/routes/_authenticated/stakes.tsx(77,28): error TS2304: Cannot find name 'StakesResponse'.
src/routes/_authenticated/stakes.tsx(180,35): error TS7006: Parameter 'b' implicitly has an 'any' type.
src/routes/_authenticated/stakes.tsx(204,10): error TS2741: Property 'icon' is missing in type '{ label: string; value: string; sub: string; accent: "gold"; }' but required in type '{ label: string; value: string; sub?: string | undefined; icon: ForwardRefExoticComponent<Omit<LucideProps, "ref"> & RefAttributes<SVGSVGElement>>; accent: "gold" | ... 1 more ... | "teal"; }'.
src/routes/_authenticated/vantage.tsx(116,37): error TS2304: Cannot find name 'user'.
src/routes/_authenticated/vantage.tsx(117,40): error TS2304: Cannot find name 'user'.
src/routes/_authenticated/vantage.tsx(118,24): error TS2304: Cannot find name 'user'.
src/routes/_authenticated/vantage.tsx(118,87): error TS2304: Cannot find name 'user'.
src/routes/_authenticated/vantage.tsx(286,24): error TS2339: Property 'kind' does not exist on type '{ category: string; categoryKey: string; categoryDescription: string; id: string; text: string; type: "text" | "scale" | "select" | "file"; maxScore?: number | undefined; options?: VantageOption[] | undefined; }'.
src/routes/_authenticated/vantage.tsx(329,45): error TS2345: Argument of type '{ answers: Record<string, number | string>; categoryScores: Record<string, number>; vantagePoint: number; fundability: number; investmentReadiness: number; stage: string; report: { ...; }; }' is not assignable to parameter of type 'VantageSubmitInput'.
  Property 'score' is missing in type '{ answers: Record<string, number | string>; categoryScores: Record<string, number>; vantagePoint: number; fundability: number; investmentReadiness: number; stage: string; report: { ...; }; }' but required in type 'VantageSubmitInput'.
src/routes/_authenticated/vantage.tsx(382,22): error TS2339: Property 'description' does not exist on type '{ category: string; categoryKey: string; categoryDescription: string; id: string; text: string; type: "text" | "scale" | "select" | "file"; maxScore?: number | undefined; options?: VantageOption[] | undefined; }'.
src/routes/_authenticated/vantage.tsx(384,26): error TS2339: Property 'description' does not exist on type '{ category: string; categoryKey: string; categoryDescription: string; id: string; text: string; type: "text" | "scale" | "select" | "file"; maxScore?: number | undefined; options?: VantageOption[] | undefined; }'.
src/routes/_authenticated/vantage.tsx(389,23): error TS2339: Property 'kind' does not exist on type '{ category: string; categoryKey: string; categoryDescription: string; id: string; text: string; type: "text" | "scale" | "select" | "file"; maxScore?: number | undefined; options?: VantageOption[] | undefined; }'.
src/routes/_authenticated/vantage.tsx(391,26): error TS2339: Property 'help' does not exist on type '{ category: string; categoryKey: string; categoryDescription: string; id: string; text: string; type: "text" | "scale" | "select" | "file"; maxScore?: number | undefined; options?: VantageOption[] | undefined; }'.
src/routes/_authenticated/vantage.tsx(395,35): error TS2339: Property 'help' does not exist on type '{ category: string; categoryKey: string; categoryDescription: string; id: string; text: string; type: "text" | "scale" | "select" | "file"; maxScore?: number | undefined; options?: VantageOption[] | undefined; }'.
src/routes/_authenticated/vantage.tsx(400,35): error TS2339: Property 'help' does not exist on type '{ category: string; categoryKey: string; categoryDescription: string; id: string; text: string; type: "text" | "scale" | "select" | "file"; maxScore?: number | undefined; options?: VantageOption[] | undefined; }'.
src/routes/_authenticated/vantage.tsx(426,23): error TS2339: Property 'kind' does not exist on type '{ category: string; categoryKey: string; categoryDescription: string; id: string; text: string; type: "text" | "scale" | "select" | "file"; maxScore?: number | undefined; options?: VantageOption[] | undefined; }'.
src/routes/_authenticated/vantage.tsx(429,28): error TS2339: Property 'numberMeta' does not exist on type '{ category: string; categoryKey: string; categoryDescription: string; id: string; text: string; type: "text" | "scale" | "select" | "file"; maxScore?: number | undefined; options?: VantageOption[] | undefined; }'.
src/routes/_authenticated/vantage.tsx(436,40): error TS2339: Property 'numberMeta' does not exist on type '{ category: string; categoryKey: string; categoryDescription: string; id: string; text: string; type: "text" | "scale" | "select" | "file"; maxScore?: number | undefined; options?: VantageOption[] | undefined; }'.
src/routes/_authenticated/vantage.tsx(450,23): error TS2339: Property 'kind' does not exist on type '{ category: string; categoryKey: string; categoryDescription: string; id: string; text: string; type: "text" | "scale" | "select" | "file"; maxScore?: number | undefined; options?: VantageOption[] | undefined; }'.
src/routes/_authenticated/vantage.tsx(454,30): error TS2339: Property 'value' does not exist on type 'VantageOption'.
src/routes/_authenticated/vantage.tsx(455,50): error TS2339: Property 'value' does not exist on type 'VantageOption'.
src/routes/_authenticated/vantage.tsx(458,51): error TS2339: Property 'value' does not exist on type 'VantageOption'.
src/routes/_authenticated/vantage.tsx(469,23): error TS2339: Property 'kind' does not exist on type '{ category: string; categoryKey: string; categoryDescription: string; id: string; text: string; type: "text" | "scale" | "select" | "file"; maxScore?: number | undefined; options?: VantageOption[] | undefined; }'.
src/routes/_authenticated/vantage.tsx(473,40): error TS2339: Property 'textMeta' does not exist on type '{ category: string; categoryKey: string; categoryDescription: string; id: string; text: string; type: "text" | "scale" | "select" | "file"; maxScore?: number | undefined; options?: VantageOption[] | undefined; }'.
src/routes/_authenticated/vantage.tsx(474,38): error TS2339: Property 'textMeta' does not exist on type '{ category: string; categoryKey: string; categoryDescription: string; id: string; text: string; type: "text" | "scale" | "select" | "file"; maxScore?: number | undefined; options?: VantageOption[] | undefined; }'.
src/routes/_authenticated/vantage.tsx(483,28): error TS2339: Property 'textMeta' does not exist on type '{ category: string; categoryKey: string; categoryDescription: string; id: string; text: string; type: "text" | "scale" | "select" | "file"; maxScore?: number | undefined; options?: VantageOption[] | undefined; }'.
src/routes/_authenticated/vantage.tsx(486,32): error TS2339: Property 'textMeta' does not exist on type '{ category: string; categoryKey: string; categoryDescription: string; id: string; text: string; type: "text" | "scale" | "select" | "file"; maxScore?: number | undefined; options?: VantageOption[] | undefined; }'.
src/routes/_authenticated/vantage/results.tsx(138,14): error TS18048: 'report.strengths.length' is possibly 'undefined'.
src/routes/_authenticated/vantage/results.tsx(142,20): error TS18048: 'report.strengths' is possibly 'undefined'.
src/routes/_authenticated/vantage/results.tsx(148,14): error TS18048: 'report.nextActions.length' is possibly 'undefined'.
src/routes/_authenticated/vantage/results.tsx(152,20): error TS18048: 'report.nextActions' is possibly 'undefined'.
src/routes/_authenticated/wallet.tsx(216,17): error TS2345: Argument of type 'StakesResponse' is not assignable to parameter of type 'SetStateAction<StakePosition[]>'.
src/routes/_authenticated/work.tsx(295,56): error TS2722: Cannot invoke an object which is possibly 'undefined'.
src/routes/_authenticated/work.tsx(298,56): error TS2722: Cannot invoke an object which is possibly 'undefined'.
src/routes/_authenticated/work.tsx(304,56): error TS2722: Cannot invoke an object which is possibly 'undefined'.
src/routes/_authenticated/work.tsx(307,56): error TS2722: Cannot invoke an object which is possibly 'undefined'.
src/routes/_authenticated/work.tsx(349,11): error TS2322: Type 'Element' is not assignable to type 'ForwardRefExoticComponent<Omit<LucideProps, "ref"> & RefAttributes<SVGSVGElement>>'.
  Types of property '$$typeof' are incompatible.
    Type 'string | symbol | undefined' is not assignable to type 'symbol'.
      Type 'undefined' is not assignable to type 'symbol'.
src/routes/_authenticated/work.tsx(441,64): error TS2339: Property 'builderRating' does not exist on type 'Service'.
src/routes/_authenticated/work.tsx(441,89): error TS2339: Property 'builderRating' does not exist on type 'Service'.
src/routes/_authenticated/work.tsx(489,11): error TS2322: Type 'Element' is not assignable to type 'ForwardRefExoticComponent<Omit<LucideProps, "ref"> & RefAttributes<SVGSVGElement>>'.
  Types of property '$$typeof' are incompatible.
    Type 'string | symbol | undefined' is not assignable to type 'symbol'.
      Type 'undefined' is not assignable to type 'symbol'.
src/routes/_authenticated/work.tsx(518,80): error TS2339: Property 'builderRating' does not exist on type 'Service'.
src/routes/_authenticated/work.tsx(560,11): error TS2322: Type 'Element' is not assignable to type 'ForwardRefExoticComponent<Omit<LucideProps, "ref"> & RefAttributes<SVGSVGElement>>'.
  Types of property '$$typeof' are incompatible.
    Type 'string | symbol | undefined' is not assignable to type 'symbol'.
      Type 'undefined' is not assignable to type 'symbol'.
src/routes/_authenticated/work.tsx(609,9): error TS2322: Type 'Element' is not assignable to type 'ForwardRefExoticComponent<Omit<LucideProps, "ref"> & RefAttributes<SVGSVGElement>>'.
  Types of property '$$typeof' are incompatible.
    Type 'string | symbol | undefined' is not assignable to type 'symbol'.
      Type 'undefined' is not assignable to type 'symbol'.
src/routes/_authenticated/work.tsx(988,9): error TS2353: Object literal may only specify known properties, and 'requirements' does not exist in type 'ServiceData'.
src/routes/_authenticated/work/contract/$id.tsx(58,75): error TS2322: Type '{ title: string; subtitle: string; backHref: string; }' is not assignable to type 'IntrinsicAttributes & PageHeaderProps'.
  Property 'backHref' does not exist on type 'IntrinsicAttributes & PageHeaderProps'.
src/routes/_authenticated/work/contract/$id.tsx(70,59): error TS2322: Type '{ title: string; subtitle: string; backHref: string; }' is not assignable to type 'IntrinsicAttributes & PageHeaderProps'.
  Property 'backHref' does not exist on type 'IntrinsicAttributes & PageHeaderProps'.
src/routes/_authenticated/work/contract/$id.tsx(81,9): error TS2322: Type '{ title: any; subtitle: string; backHref: string; action: Element; }' is not assignable to type 'IntrinsicAttributes & PageHeaderProps'.
  Property 'backHref' does not exist on type 'IntrinsicAttributes & PageHeaderProps'.
